
> padelrank-pro@0.0.0 test
> vitest hooks/formats/__tests__/useClassicLogic.test.ts --run --no-coverage


[1m[46m RUN [49m[22m [36mv4.0.18 [39m[90mC:/Users/andre/Desktop/Proyectos Gemini/PadelRank/PadelRank[39m

 [31mÔØ»[39m hooks/formats/__tests__/useClassicLogic.test.ts [2m([22m[2m11 tests[22m[2m | [22m[31m2 failed[39m[2m)[22m[32m 42[2mms[22m[39m
       [32mÔ£ô[39m should calculate points for 2-0 win[32m 15[2mms[22m[39m
       [32mÔ£ô[39m should calculate points for 2-1 win[32m 2[2mms[22m[39m
       [32mÔ£ô[39m should calculate points for draw (1-1)[32m 2[2mms[22m[39m
       [32mÔ£ô[39m should calculate points for 0-2 loss[32m 2[2mms[22m[39m
       [32mÔ£ô[39m should return 0 points for incomplete score[32m 2[2mms[22m[39m
[31m       [31m├ù[31m should calculate sets and games difference correctly[39m[32m 8[2mms[22m[39m
[31m       [31m├ù[31m should ignore unfinished matches[39m[32m 2[2mms[22m[39m
       [32mÔ£ô[39m should validate complete score[32m 2[2mms[22m[39m
       [32mÔ£ô[39m should invalidate incomplete score (missing set2)[32m 1[2mms[22m[39m
       [32mÔ£ô[39m should invalidate score with no winner[32m 1[2mms[22m[39m
       [32mÔ£ô[39m should use default config when none provided[32m 1[2mms[22m[39m
node.exe : 
En línea: 1 Carácter: 1
+ & "C:\Program Files\nodejs/node.exe" 
"C:\Program Files\nodejs/node_mo ...
+ ~~~~~~~~~~~~~~~~~~~~~~~~~~~~~~~~~~~~~~~~~~~
~~~~~~~~~~~~~~~~~~~~~~~~~~
    + CategoryInfo          : NotSpecified:  
   (:String) [], RemoteException
    + FullyQualifiedErrorId : NativeCommandE 
   rror
 
[31mÔÄ»ÔÄ»ÔÄ»ÔÄ»ÔÄ»ÔÄ»ÔÄ»[39m[1m[41m 
Failed Tests 2 
[49m[22m[31mÔÄ»ÔÄ»ÔÄ»ÔÄ»ÔÄ»ÔÄ»ÔÄ»[39m

[41m[1m FAIL [22m[49m hooks/formats/__tes
ts__/useClassicLogic.test.ts[2m > 
[22museClassicLogic[2m > 
[22mcalculateSetsDiff[2m > [22mshould 
calculate sets and games difference correctly
[31m[1mAssertionError[22m: expected 
undefined to be 1 // Object.is equality[39m

[32m- Expected:[39m 
1

[31m+ Received:[39m 
undefined

[36m [2mÔØ»[22m hooks/formats/__tests__/us
eClassicLogic.test.ts:[2m118:36[22m[39m
    [90m116| [39m
    [90m117| [39m            
expect(stats.setsWon).toBe(4); // 2 sets in 
match 1, 2 setÔÇª
    [90m118| [39m            [34mexpect[3
9m(stats[33m.[39msetsLost)[33m.[39m[34mt
oBe[39m([34m1[39m)[33m;[39m [90m// 1 
set lost in match 2[39m
    [90m   | [39m                          
         [31m^[39m
    [90m119| [39m            [34mexpect[3
9m(stats[33m.[39msetsDiff)[33m.[39m[34mt
oBe[39m([34m3[39m)[33m;[39m [90m// 4 - 
1[39m
    [90m120| [39m            [34mexpect[3
9m(stats[33m.[39mgamesWon)[33m.[39m[34mt
oBe[39m([34m27[39m)[33m;[39m [90m// 
6+6+6+3+6[39m

[31m[2mÔÄ»ÔÄ»ÔÄ»ÔÄ»ÔÄ»ÔÄ»ÔÄ»ÔÄ»ÔÄ»ÔÄ»ÔÄ»ÔÄ»
ÔÄ»ÔÄ»ÔÄ»ÔÄ»ÔÄ»ÔÄ»ÔÄ»ÔÄ»ÔÄ»ÔÄ»ÔÄ»ÔÄ»[1/2]ÔÄ»
[22m[39m

[41m[1m FAIL [22m[49m hooks/formats/__tes
ts__/useClassicLogic.test.ts[2m > 
[22museClassicLogic[2m > 
[22mcalculateSetsDiff[2m > [22mshould 
ignore unfinished matches
[31m[1mAssertionError[22m: expected 
undefined to be +0 // Object.is equality[39m

[32m- Expected:[39m 
0

[31m+ Received:[39m 
undefined

[36m [2mÔØ»[22m hooks/formats/__tests__/us
eClassicLogic.test.ts:[2m144:36[22m[39m
    [90m142| [39m
    [90m143| [39m            [34mexpect[3
9m(stats[33m.[39msetsWon)[33m.[39m[34mto
Be[39m([34m0[39m)[33m;[39m
    [90m144| [39m            [34mexpect[3
9m(stats[33m.[39msetsLost)[33m.[39m[34mt
oBe[39m([34m0[39m)[33m;[39m
    [90m   | [39m                          
         [31m^[39m
    [90m145| [39m        })[33m;[39m
    [90m146| [39m    })[33m;[39m

[31m[2mÔÄ»ÔÄ»ÔÄ»ÔÄ»ÔÄ»ÔÄ»ÔÄ»ÔÄ»ÔÄ»ÔÄ»ÔÄ»ÔÄ»
ÔÄ»ÔÄ»ÔÄ»ÔÄ»ÔÄ»ÔÄ»ÔÄ»ÔÄ»ÔÄ»ÔÄ»ÔÄ»ÔÄ»[2/2]ÔÄ»
[22m[39m


[2m Test Files [22m [1m[31m1 failed[39m[22m[90m (1)[39m
[2m      Tests [22m [1m[31m2 failed[39m[22m[2m | [22m[1m[32m9 passed[39m[22m[90m (11)[39m
[2m   Start at [22m 17:43:17
[2m   Duration [22m 1.41s[2m (transform 199ms, setup 120ms, import 328ms, tests 42ms, environment 719ms)[22m

